[16:28:06] training phase1_720h_inj80_ts200000 ...
Using cuda device
Wrapping the env with a `Monitor` wrapper
Wrapping the env in a DummyVecEnv.
----------------------------
| time/              |     |
|    fps             | 124 |
|    iterations      | 1   |
|    time_elapsed    | 4   |
|    total_timesteps | 512 |
----------------------------
-----------------------------------------
| rollout/                |             |
|    ep_len_mean          | 720         |
|    ep_rew_mean          | -7.59e+03   |
| time/                   |             |
|    fps                  | 107         |
|    iterations           | 2           |
|    time_elapsed         | 9           |
|    total_timesteps      | 1024        |
| train/                  |             |
|    approx_kl            | 0.002776244 |
|    clip_fraction        | 0.00137     |
|    clip_range           | 0.2         |
|    entropy_loss         | -1.8        |
|    explained_variance   | 0.00134     |
|    learning_rate        | 0.0003      |
|    loss                 | 2.08e+04    |
|    n_updates            | 10          |
|    policy_gradient_loss | -0.00536    |
|    value_loss           | 4.33e+04    |
-----------------------------------------
------------------------------------------
| rollout/                |              |
|    ep_len_mean          | 720          |
|    ep_rew_mean          | -7.62e+03    |
| time/                   |              |
|    fps                  | 105          |
|    iterations           | 3            |
|    time_elapsed         | 14           |
|    total_timesteps      | 1536         |
| train/                  |              |
|    approx_kl            | 0.0019027996 |
|    clip_fraction        | 0.000586     |
|    clip_range           | 0.2          |
|    entropy_loss         | -1.97        |
|    explained_variance   | 0.00393      |
|    learning_rate        | 0.0003       |
|    loss                 | 2.2e+04      |
|    n_updates            | 20           |
|    policy_gradient_loss | -0.00395     |
|    value_loss           | 4.38e+04     |
------------------------------------------
------------------------------------------
| rollout/                |              |
|    ep_len_mean          | 720          |
|    ep_rew_mean          | -7.62e+03    |
| time/                   |              |
|    fps                  | 104          |
|    iterations           | 4            |
|    time_elapsed         | 19           |
|    total_timesteps      | 2048         |
| train/                  |              |
|    approx_kl            | 0.0006431014 |
|    clip_fraction        | 0            |
|    clip_range           | 0.2          |
|    entropy_loss         | -1.97        |
|    explained_variance   | 0.00193      |
|    learning_rate        | 0.0003       |
|    loss                 | 2.73e+04     |
|    n_updates            | 30           |
|    policy_gradient_loss | -0.00231     |
|    value_loss           | 5.15e+04     |
------------------------------------------
------------------------------------------
| rollout/                |              |
|    ep_len_mean          | 720          |
|    ep_rew_mean          | -7.55e+03    |
| time/                   |              |
|    fps                  | 101          |
|    iterations           | 5            |
|    time_elapsed         | 25           |
|    total_timesteps      | 2560         |
| train/                  |              |
|    approx_kl            | 0.0035957606 |
|    clip_fraction        | 0.000977     |
|    clip_range           | 0.2          |
|    entropy_loss         | -2           |
|    explained_variance   | -4.15e-05    |
|    learning_rate        | 0.0003       |
|    loss                 | 2.46e+04     |
|    n_updates            | 40           |
|    policy_gradient_loss | -0.00648     |
|    value_loss           | 5.11e+04     |
------------------------------------------
------------------------------------------
| rollout/                |              |
|    ep_len_mean          | 720          |
|    ep_rew_mean          | -7.4e+03     |
| time/                   |              |
|    fps                  | 101          |
|    iterations           | 6            |
|    time_elapsed         | 30           |
|    total_timesteps      | 3072         |
| train/                  |              |
|    approx_kl            | 0.0015614646 |
|    clip_fraction        | 0            |
|    clip_range           | 0.2          |
|    entropy_loss         | -1.98        |
|    explained_variance   | 0.00104      |
|    learning_rate        | 0.0003       |
|    loss                 | 1.74e+04     |
|    n_updates            | 50           |
|    policy_gradient_loss | -0.0036      |
|    value_loss           | 3.6e+04      |
------------------------------------------
------------------------------------------
| rollout/                |              |
|    ep_len_mean          | 720          |
|    ep_rew_mean          | -7.4e+03     |
| time/                   |              |
|    fps                  | 98           |
|    iterations           | 7            |
|    time_elapsed         | 36           |
|    total_timesteps      | 3584         |
| train/                  |              |
|    approx_kl            | 0.0037690825 |
|    clip_fraction        | 0.000391     |
|    clip_range           | 0.2          |
|    entropy_loss         | -1.93        |
|    explained_variance   | 0.000559     |
|    learning_rate        | 0.0003       |
|    loss                 | 1.9e+04      |
|    n_updates            | 60           |
|    policy_gradient_loss | -0.00663     |
|    value_loss           | 3.87e+04     |
------------------------------------------
------------------------------------------
| rollout/                |              |
|    ep_len_mean          | 720          |
|    ep_rew_mean          | -7.34e+03    |
| time/                   |              |
|    fps                  | 99           |
|    iterations           | 8            |
|    time_elapsed         | 41           |
|    total_timesteps      | 4096         |
| train/                  |              |
|    approx_kl            | 0.0029421528 |
|    clip_fraction        | 0.00156      |
|    clip_range           | 0.2          |
|    entropy_loss         | -1.94        |
|    explained_variance   | 4.02e-05     |
|    learning_rate        | 0.0003       |
|    loss                 | 2.75e+04     |
|    n_updates            | 70           |
|    policy_gradient_loss | -0.00686     |
|    value_loss           | 5.62e+04     |
------------------------------------------
------------------------------------------
| rollout/                |              |
|    ep_len_mean          | 720          |
|    ep_rew_mean          | -7.22e+03    |
| time/                   |              |
|    fps                  | 97           |
|    iterations           | 9            |
|    time_elapsed         | 47           |
|    total_timesteps      | 4608         |
| train/                  |              |
|    approx_kl            | 0.0028887019 |
|    clip_fraction        | 0.00898      |
|    clip_range           | 0.2          |
|    entropy_loss         | -1.88        |
|    explained_variance   | 0.000589     |
|    learning_rate        | 0.0003       |
|    loss                 | 1.64e+04     |
|    n_updates            | 80           |
|    policy_gradient_loss | -0.00792     |
|    value_loss           | 3.24e+04     |
------------------------------------------
------------------------------------------
| rollout/                |              |
|    ep_len_mean          | 720          |
|    ep_rew_mean          | -7.13e+03    |
| time/                   |              |
|    fps                  | 97           |
|    iterations           | 10           |
|    time_elapsed         | 52           |
|    total_timesteps      | 5120         |
| train/                  |              |
|    approx_kl            | 0.0013611763 |
|    clip_fraction        | 0.000781     |
|    clip_range           | 0.2          |
|    entropy_loss         | -1.88        |
|    explained_variance   | 0.000389     |
|    learning_rate        | 0.0003       |
|    loss                 | 1.19e+04     |
|    n_updates            | 90           |
|    policy_gradient_loss | -0.00476     |
|    value_loss           | 2.71e+04     |
------------------------------------------
------------------------------------------
| rollout/                |              |
|    ep_len_mean          | 720          |
|    ep_rew_mean          | -7.13e+03    |
| time/                   |              |
|    fps                  | 96           |
|    iterations           | 11           |
|    time_elapsed         | 58           |
|    total_timesteps      | 5632         |
| train/                  |              |
|    approx_kl            | 0.0044383146 |
|    clip_fraction        | 0.000391     |
|    clip_range           | 0.2          |
|    entropy_loss         | -1.89        |
|    explained_variance   | 0.000282     |
|    learning_rate        | 0.0003       |
|    loss                 | 2.56e+04     |
|    n_updates            | 100          |
|    policy_gradient_loss | -0.00705     |
|    value_loss           | 4.84e+04     |
------------------------------------------
------------------------------------------
| rollout/                |              |
|    ep_len_mean          | 720          |
|    ep_rew_mean          | -7.11e+03    |
| time/                   |              |
|    fps                  | 97           |
|    iterations           | 12           |
|    time_elapsed         | 63           |
|    total_timesteps      | 6144         |
| train/                  |              |
|    approx_kl            | 0.0034274673 |
|    clip_fraction        | 0.000391     |
|    clip_range           | 0.2          |
|    entropy_loss         | -1.92        |
|    explained_variance   | 2.6e-05      |
|    learning_rate        | 0.0003       |
|    loss                 | 2.54e+04     |
|    n_updates            | 110          |
|    policy_gradient_loss | -0.00591     |
|    value_loss           | 4.99e+04     |
------------------------------------------
-----------------------------------------
| rollout/                |             |
|    ep_len_mean          | 720         |
|    ep_rew_mean          | -7.09e+03   |
| time/                   |             |
|    fps                  | 97          |
|    iterations           | 13          |
|    time_elapsed         | 68          |
|    total_timesteps      | 6656        |
| train/                  |             |
|    approx_kl            | 0.008502906 |
|    clip_fraction        | 0.0494      |
|    clip_range           | 0.2         |
|    entropy_loss         | -1.84       |
|    explained_variance   | 0.000119    |
|    learning_rate        | 0.0003      |
|    loss                 | 1.67e+04    |
|    n_updates            | 120         |
|    policy_gradient_loss | -0.0139     |
|    value_loss           | 3.44e+04    |
-----------------------------------------
