Running 1 fixed-horizon episode rollouts: scenario=northern_lights_phase1, cap=720 h, seeds=[1], controllers=['rolling_milp']
[1/1] seed=1 controller=rolling_milp ...
  rolling_milp replan at t=0 h; lookahead=48 h; terminal=0.0 t; source_buffer=0.0 t
  rolling_milp plan ready in 4.2s; planned_departures=3; vented=0.0 t; shortfall=6,363.4 t
  rolling_milp replan at t=24 h; lookahead=48 h; terminal=0.0 t; source_buffer=261.1 t
  rolling_milp plan ready in 1.1s; planned_departures=3; vented=0.0 t; shortfall=5,005.3 t
  rolling_milp replan at t=48 h; lookahead=48 h; terminal=405.8 t; source_buffer=1,215.0 t
  rolling_milp plan ready in 0.2s; planned_departures=2; vented=0.0 t; shortfall=4,951.1 t
  rolling_milp replan at t=72 h; lookahead=48 h; terminal=890.4 t; source_buffer=3,126.5 t
  rolling_milp plan ready in 0.4s; planned_departures=0; vented=0.0 t; shortfall=4,926.4 t
  rolling_milp replan at t=96 h; lookahead=48 h; terminal=2,247.0 t; source_buffer=2,837.7 t
  rolling_milp plan ready in 3.4s; planned_departures=2; vented=0.0 t; shortfall=3,899.4 t
  rolling_milp replan at t=120 h; lookahead=48 h; terminal=0.0 t; source_buffer=3,854.2 t
  rolling_milp plan ready in 1.0s; planned_departures=3; vented=0.0 t; shortfall=6,365.2 t
  rolling_milp replan at t=144 h; lookahead=48 h; terminal=32.8 t; source_buffer=4,520.9 t
  rolling_milp plan ready in 0.9s; planned_departures=3; vented=0.0 t; shortfall=7,207.9 t
  rolling_milp replan at t=168 h; lookahead=48 h; terminal=1,126.1 t; source_buffer=7,019.8 t
  rolling_milp plan ready in 1.1s; planned_departures=3; vented=0.0 t; shortfall=9,369.8 t
  rolling_milp replan at t=192 h; lookahead=48 h; terminal=801.5 t; source_buffer=9,518.8 t
  rolling_milp plan ready in 0.7s; planned_departures=2; vented=0.0 t; shortfall=11,305.8 t
  rolling_milp replan at t=216 h; lookahead=48 h; terminal=573.3 t; source_buffer=11,380.1 t
  rolling_milp plan ready in 1.0s; planned_departures=2; vented=0.0 t; shortfall=12,981.8 t
  rolling_milp replan at t=240 h; lookahead=48 h; terminal=868.6 t; source_buffer=14,546.6 t
  rolling_milp plan ready in 0.7s; planned_departures=3; vented=0.0 t; shortfall=16,173.8 t
  rolling_milp replan at t=264 h; lookahead=48 h; terminal=743.6 t; source_buffer=17,045.4 t
  rolling_milp plan ready in 0.7s; planned_departures=3; vented=1,561.4 t; shortfall=18,378.7 t
  rolling_milp replan at t=288 h; lookahead=48 h; terminal=573.3 t; source_buffer=18,964.4 t
  rolling_milp plan ready in 1.1s; planned_departures=3; vented=2,928.4 t; shortfall=20,551.7 t
  rolling_milp replan at t=312 h; lookahead=48 h; terminal=1,096.1 t; source_buffer=21,501.7 t
  rolling_milp plan ready in 0.3s; planned_departures=0; vented=1,367.0 t; shortfall=18,133.0 t
  rolling_milp replan at t=336 h; lookahead=48 h; terminal=2,059.2 t; source_buffer=14,331.8 t
  rolling_milp plan ready in 3.2s; planned_departures=2; vented=0.0 t; shortfall=10,934.0 t
  rolling_milp replan at t=360 h; lookahead=48 h; terminal=1,568.0 t; source_buffer=17,235.4 t
  rolling_milp plan ready in 1.4s; planned_departures=3; vented=0.0 t; shortfall=16,433.0 t
  rolling_milp replan at t=384 h; lookahead=48 h; terminal=842.2 t; source_buffer=13,498.7 t
  rolling_milp plan ready in 0.3s; planned_departures=2; vented=1,982.4 t; shortfall=11,920.8 t
  rolling_milp replan at t=408 h; lookahead=48 h; terminal=213.4 t; source_buffer=15,808.7 t
  rolling_milp plan ready in 1.2s; planned_departures=2; vented=4,174.3 t; shortfall=12,893.2 t
  rolling_milp replan at t=432 h; lookahead=48 h; terminal=2,870.5 t; source_buffer=17,445.2 t
  rolling_milp plan ready in 1.0s; planned_departures=3; vented=4,385.3 t; shortfall=15,954.9 t
  rolling_milp replan at t=456 h; lookahead=48 h; terminal=681.8 t; source_buffer=16,962.6 t
  rolling_milp plan ready in 0.9s; planned_departures=2; vented=4,388.5 t; shortfall=17,788.9 t
  rolling_milp replan at t=480 h; lookahead=48 h; terminal=1,316.3 t; source_buffer=17,080.0 t
  rolling_milp plan ready in 1.0s; planned_departures=3; vented=3,567.7 t; shortfall=18,525.7 t
  rolling_milp replan at t=504 h; lookahead=48 h; terminal=718.2 t; source_buffer=19,001.3 t
  rolling_milp plan ready in 0.2s; planned_departures=0; vented=1,372.7 t; shortfall=16,302.0 t
  rolling_milp replan at t=528 h; lookahead=48 h; terminal=2,059.2 t; source_buffer=12,231.4 t
  rolling_milp plan ready in 2.9s; planned_departures=2; vented=0.0 t; shortfall=9,470.4 t
  rolling_milp replan at t=552 h; lookahead=48 h; terminal=1,540.0 t; source_buffer=15,146.1 t
  rolling_milp plan ready in 0.8s; planned_departures=3; vented=0.0 t; shortfall=15,208.0 t
  rolling_milp replan at t=576 h; lookahead=48 h; terminal=664.7 t; source_buffer=16,762.4 t
  rolling_milp plan ready in 1.0s; planned_departures=3; vented=2,034.7 t; shortfall=18,548.4 t
  rolling_milp replan at t=600 h; lookahead=48 h; terminal=801.5 t; source_buffer=19,292.9 t
  rolling_milp plan ready in 0.7s; planned_departures=3; vented=4,239.3 t; shortfall=20,410.3 t
  rolling_milp replan at t=624 h; lookahead=48 h; terminal=801.5 t; source_buffer=18,992.2 t
  rolling_milp plan ready in 0.7s; planned_departures=2; vented=4,410.7 t; shortfall=18,603.2 t
  rolling_milp replan at t=648 h; lookahead=48 h; terminal=403.7 t; source_buffer=18,716.4 t
  rolling_milp plan ready in 0.9s; planned_departures=2; vented=4,413.9 t; shortfall=19,216.3 t
  rolling_milp replan at t=672 h; lookahead=48 h; terminal=799.9 t; source_buffer=19,619.2 t
  rolling_milp plan ready in 1.2s; planned_departures=3; vented=4,417.0 t; shortfall=20,381.9 t
  rolling_milp replan at t=696 h; lookahead=48 h; terminal=859.1 t; source_buffer=19,156.2 t
  rolling_milp plan ready in 0.7s; planned_departures=2; vented=4,420.2 t; shortfall=19,610.4 t
[1/1] seed=1 controller=rolling_milp done in 35.2s; hours=720; stored=69515.0 t; vented=23909.0 t; total_cost=7,403,539
Skipping static MILP fixed-horizon same-scenario oracle.
Wrote outputs to E:\CCS_RLLLM\output\phase1_720h_rolling_milp_h48_r24_same_scenario_rerun
Total wall-clock time: 35.2s
